// Jest Snapshot v1, https://goo.gl/fbAQLP

exports[`Pruebas en <FirstApp /> debe de hacer match con el snapshot 1`] = `
<div>
  <h1
    data-testid="test-title"
  >
     
    Hola soy Kennet
     
  </h1>
  <p>
    Hola, soy un subtitulo
  </p>
  <p>
    Hola, soy un subtitulo
  </p>
  <p>
    Kennet Urrutia
  </p>
</div>
`;
